Archive member included because of file (symbol)

c:/program files (x86)/atmel/atmel toolchain/avr8 gcc/native/3.4.1056/avr8-gnu-toolchain/bin/../lib/gcc/avr/4.8.1/avr5\libgcc.a(_udivmodsi4.o)
                              PetitFS/pff.o (__udivmodsi4)
c:/program files (x86)/atmel/atmel toolchain/avr8 gcc/native/3.4.1056/avr8-gnu-toolchain/bin/../lib/gcc/avr/4.8.1/avr5\libgcc.a(_exit.o)
                              c:/program files (x86)/atmel/atmel toolchain/avr8 gcc/native/3.4.1056/avr8-gnu-toolchain/bin/../lib/gcc/avr/4.8.1/../../../../avr/lib/avr5/crtm32a.o (exit)
c:/program files (x86)/atmel/atmel toolchain/avr8 gcc/native/3.4.1056/avr8-gnu-toolchain/bin/../lib/gcc/avr/4.8.1/avr5\libgcc.a(_copy_data.o)
                              main.o (__do_copy_data)
c:/program files (x86)/atmel/atmel toolchain/avr8 gcc/native/3.4.1056/avr8-gnu-toolchain/bin/../lib/gcc/avr/4.8.1/avr5\libgcc.a(_clear_bss.o)
                              main.o (__do_clear_bss)
c:/program files (x86)/atmel/atmel toolchain/avr8 gcc/native/3.4.1056/avr8-gnu-toolchain/bin/../lib/gcc/avr/4.8.1/avr5\libgcc.a(_muluhisi3.o)
                              PetitFS/pff.o (__muluhisi3)
c:/program files (x86)/atmel/atmel toolchain/avr8 gcc/native/3.4.1056/avr8-gnu-toolchain/bin/../lib/gcc/avr/4.8.1/avr5\libgcc.a(_umulhisi3.o)
                              c:/program files (x86)/atmel/atmel toolchain/avr8 gcc/native/3.4.1056/avr8-gnu-toolchain/bin/../lib/gcc/avr/4.8.1/avr5\libgcc.a(_muluhisi3.o) (__umulhisi3)
c:/program files (x86)/atmel/atmel toolchain/avr8 gcc/native/3.4.1056/avr8-gnu-toolchain/bin/../lib/gcc/avr/4.8.1/../../../../avr/lib/avr5\libc.a(itoa_ncheck.o)
                              LCD/lcd44780.o (__itoa_ncheck)
c:/program files (x86)/atmel/atmel toolchain/avr8 gcc/native/3.4.1056/avr8-gnu-toolchain/bin/../lib/gcc/avr/4.8.1/../../../../avr/lib/avr5\libc.a(utoa_ncheck.o)
                              c:/program files (x86)/atmel/atmel toolchain/avr8 gcc/native/3.4.1056/avr8-gnu-toolchain/bin/../lib/gcc/avr/4.8.1/../../../../avr/lib/avr5\libc.a(itoa_ncheck.o) (__utoa_common)
c:/program files (x86)/atmel/atmel toolchain/avr8 gcc/native/3.4.1056/avr8-gnu-toolchain/bin/../lib/gcc/avr/4.8.1/../../../../avr/lib/avr5\libc.a(strrev.o)
                              c:/program files (x86)/atmel/atmel toolchain/avr8 gcc/native/3.4.1056/avr8-gnu-toolchain/bin/../lib/gcc/avr/4.8.1/../../../../avr/lib/avr5\libc.a(utoa_ncheck.o) (strrev)

Allocating common symbols
Common symbol       size              file

Fno                 0x16              main.o
nr_buf              0x1               main.o
rb                  0x2               main.o
Dir                 0x10              main.o
can_read            0x1               main.o
buf                 0x400             main.o
FLAGS               0x4               main.o
Fs                  0x2c              main.o

Discarded input sections

 .bss           0x00000000        0x0 c:/program files (x86)/atmel/atmel toolchain/avr8 gcc/native/3.4.1056/avr8-gnu-toolchain/bin/../lib/gcc/avr/4.8.1/../../../../avr/lib/avr5/crtm32a.o
 .text          0x00000000        0x0 LCD/lcd44780.o
 .bss           0x00000000        0x0 LCD/lcd44780.o
 .text._lcd_read_byte
                0x00000000       0x42 LCD/lcd44780.o
 .text.check_BF
                0x00000000        0x8 LCD/lcd44780.o
 .text._lcd_write_byte
                0x00000000       0x72 LCD/lcd44780.o
 .text.lcd_write_cmd
                0x00000000        0x8 LCD/lcd44780.o
 .text.lcd_write_data
                0x00000000        0x8 LCD/lcd44780.o
 .text.lcd_char
                0x00000000       0x10 LCD/lcd44780.o
 .text.lcd_str  0x00000000       0x2a LCD/lcd44780.o
 .text.lcd_str_P
                0x00000000       0x2e LCD/lcd44780.o
 .text.lcd_int  0x00000000       0x36 LCD/lcd44780.o
 .text.lcd_hex  0x00000000       0x36 LCD/lcd44780.o
 .text.lcd_defchar
                0x00000000       0x34 LCD/lcd44780.o
 .text.lcd_locate
                0x00000000       0x20 LCD/lcd44780.o
 .text.lcd_cls  0x00000000        0x8 LCD/lcd44780.o
 .text.lcd_init
                0x00000000       0xa4 LCD/lcd44780.o
 .text          0x00000000        0x0 main.o
 .bss           0x00000000        0x0 main.o
 .text.rcv_spi  0x00000000        0xc main.o
 .text          0x00000000        0x0 PetitFS/mmc.o
 .bss           0x00000000        0x0 PetitFS/mmc.o
 .text.write_close
                0x00000000       0x44 PetitFS/mmc.o
 .text          0x00000000        0x0 PetitFS/pff.o
 .bss           0x00000000        0x0 PetitFS/pff.o
 .text.pf_write
                0x00000000      0x226 PetitFS/pff.o
 .text.pf_readdir
                0x00000000      0x22c PetitFS/pff.o
 .text          0x00000000        0x0 c:/program files (x86)/atmel/atmel toolchain/avr8 gcc/native/3.4.1056/avr8-gnu-toolchain/bin/../lib/gcc/avr/4.8.1/avr5\libgcc.a(_udivmodsi4.o)
 .bss           0x00000000        0x0 c:/program files (x86)/atmel/atmel toolchain/avr8 gcc/native/3.4.1056/avr8-gnu-toolchain/bin/../lib/gcc/avr/4.8.1/avr5\libgcc.a(_udivmodsi4.o)
 .text.libgcc.mul
                0x00000000        0x0 c:/program files (x86)/atmel/atmel toolchain/avr8 gcc/native/3.4.1056/avr8-gnu-toolchain/bin/../lib/gcc/avr/4.8.1/avr5\libgcc.a(_udivmodsi4.o)
 .text.libgcc   0x00000000        0x0 c:/program files (x86)/atmel/atmel toolchain/avr8 gcc/native/3.4.1056/avr8-gnu-toolchain/bin/../lib/gcc/avr/4.8.1/avr5\libgcc.a(_udivmodsi4.o)
 .text.libgcc.prologue
                0x00000000        0x0 c:/program files (x86)/atmel/atmel toolchain/avr8 gcc/native/3.4.1056/avr8-gnu-toolchain/bin/../lib/gcc/avr/4.8.1/avr5\libgcc.a(_udivmodsi4.o)
 .text.libgcc.builtins
                0x00000000        0x0 c:/program files (x86)/atmel/atmel toolchain/avr8 gcc/native/3.4.1056/avr8-gnu-toolchain/bin/../lib/gcc/avr/4.8.1/avr5\libgcc.a(_udivmodsi4.o)
 .text.libgcc.fmul
                0x00000000        0x0 c:/program files (x86)/atmel/atmel toolchain/avr8 gcc/native/3.4.1056/avr8-gnu-toolchain/bin/../lib/gcc/avr/4.8.1/avr5\libgcc.a(_udivmodsi4.o)
 .text.libgcc.fixed
                0x00000000        0x0 c:/program files (x86)/atmel/atmel toolchain/avr8 gcc/native/3.4.1056/avr8-gnu-toolchain/bin/../lib/gcc/avr/4.8.1/avr5\libgcc.a(_udivmodsi4.o)
 .text          0x00000000        0x0 c:/program files (x86)/atmel/atmel toolchain/avr8 gcc/native/3.4.1056/avr8-gnu-toolchain/bin/../lib/gcc/avr/4.8.1/avr5\libgcc.a(_exit.o)
 .bss           0x00000000        0x0 c:/program files (x86)/atmel/atmel toolchain/avr8 gcc/native/3.4.1056/avr8-gnu-toolchain/bin/../lib/gcc/avr/4.8.1/avr5\libgcc.a(_exit.o)
 .text.libgcc.mul
                0x00000000        0x0 c:/program files (x86)/atmel/atmel toolchain/avr8 gcc/native/3.4.1056/avr8-gnu-toolchain/bin/../lib/gcc/avr/4.8.1/avr5\libgcc.a(_exit.o)
 .text.libgcc.div
                0x00000000        0x0 c:/program files (x86)/atmel/atmel toolchain/avr8 gcc/native/3.4.1056/avr8-gnu-toolchain/bin/../lib/gcc/avr/4.8.1/avr5\libgcc.a(_exit.o)
 .text.libgcc   0x00000000        0x0 c:/program files (x86)/atmel/atmel toolchain/avr8 gcc/native/3.4.1056/avr8-gnu-toolchain/bin/../lib/gcc/avr/4.8.1/avr5\libgcc.a(_exit.o)
 .text.libgcc.prologue
                0x00000000        0x0 c:/program files (x86)/atmel/atmel toolchain/avr8 gcc/native/3.4.1056/avr8-gnu-toolchain/bin/../lib/gcc/avr/4.8.1/avr5\libgcc.a(_exit.o)
 .text.libgcc.builtins
                0x00000000        0x0 c:/program files (x86)/atmel/atmel toolchain/avr8 gcc/native/3.4.1056/avr8-gnu-toolchain/bin/../lib/gcc/avr/4.8.1/avr5\libgcc.a(_exit.o)
 .text.libgcc.fmul
                0x00000000        0x0 c:/program files (x86)/atmel/atmel toolchain/avr8 gcc/native/3.4.1056/avr8-gnu-toolchain/bin/../lib/gcc/avr/4.8.1/avr5\libgcc.a(_exit.o)
 .text.libgcc.fixed
                0x00000000        0x0 c:/program files (x86)/atmel/atmel toolchain/avr8 gcc/native/3.4.1056/avr8-gnu-toolchain/bin/../lib/gcc/avr/4.8.1/avr5\libgcc.a(_exit.o)
 .text          0x00000000        0x0 c:/program files (x86)/atmel/atmel toolchain/avr8 gcc/native/3.4.1056/avr8-gnu-toolchain/bin/../lib/gcc/avr/4.8.1/avr5\libgcc.a(_copy_data.o)
 .bss           0x00000000        0x0 c:/program files (x86)/atmel/atmel toolchain/avr8 gcc/native/3.4.1056/avr8-gnu-toolchain/bin/../lib/gcc/avr/4.8.1/avr5\libgcc.a(_copy_data.o)
 .text.libgcc.mul
                0x00000000        0x0 c:/program files (x86)/atmel/atmel toolchain/avr8 gcc/native/3.4.1056/avr8-gnu-toolchain/bin/../lib/gcc/avr/4.8.1/avr5\libgcc.a(_copy_data.o)
 .text.libgcc.div
                0x00000000        0x0 c:/program files (x86)/atmel/atmel toolchain/avr8 gcc/native/3.4.1056/avr8-gnu-toolchain/bin/../lib/gcc/avr/4.8.1/avr5\libgcc.a(_copy_data.o)
 .text.libgcc   0x00000000        0x0 c:/program files (x86)/atmel/atmel toolchain/avr8 gcc/native/3.4.1056/avr8-gnu-toolchain/bin/../lib/gcc/avr/4.8.1/avr5\libgcc.a(_copy_data.o)
 .text.libgcc.prologue
                0x00000000        0x0 c:/program files (x86)/atmel/atmel toolchain/avr8 gcc/native/3.4.1056/avr8-gnu-toolchain/bin/../lib/gcc/avr/4.8.1/avr5\libgcc.a(_copy_data.o)
 .text.libgcc.builtins
                0x00000000        0x0 c:/program files (x86)/atmel/atmel toolchain/avr8 gcc/native/3.4.1056/avr8-gnu-toolchain/bin/../lib/gcc/avr/4.8.1/avr5\libgcc.a(_copy_data.o)
 .text.libgcc.fmul
                0x00000000        0x0 c:/program files (x86)/atmel/atmel toolchain/avr8 gcc/native/3.4.1056/avr8-gnu-toolchain/bin/../lib/gcc/avr/4.8.1/avr5\libgcc.a(_copy_data.o)
 .text.libgcc.fixed
                0x00000000        0x0 c:/program files (x86)/atmel/atmel toolchain/avr8 gcc/native/3.4.1056/avr8-gnu-toolchain/bin/../lib/gcc/avr/4.8.1/avr5\libgcc.a(_copy_data.o)
 .text          0x00000000        0x0 c:/program files (x86)/atmel/atmel toolchain/avr8 gcc/native/3.4.1056/avr8-gnu-toolchain/bin/../lib/gcc/avr/4.8.1/avr5\libgcc.a(_clear_bss.o)
 .bss           0x00000000        0x0 c:/program files (x86)/atmel/atmel toolchain/avr8 gcc/native/3.4.1056/avr8-gnu-toolchain/bin/../lib/gcc/avr/4.8.1/avr5\libgcc.a(_clear_bss.o)
 .text.libgcc.mul
                0x00000000        0x0 c:/program files (x86)/atmel/atmel toolchain/avr8 gcc/native/3.4.1056/avr8-gnu-toolchain/bin/../lib/gcc/avr/4.8.1/avr5\libgcc.a(_clear_bss.o)
 .text.libgcc.div
                0x00000000        0x0 c:/program files (x86)/atmel/atmel toolchain/avr8 gcc/native/3.4.1056/avr8-gnu-toolchain/bin/../lib/gcc/avr/4.8.1/avr5\libgcc.a(_clear_bss.o)
 .text.libgcc   0x00000000        0x0 c:/program files (x86)/atmel/atmel toolchain/avr8 gcc/native/3.4.1056/avr8-gnu-toolchain/bin/../lib/gcc/avr/4.8.1/avr5\libgcc.a(_clear_bss.o)
 .text.libgcc.prologue
                0x00000000        0x0 c:/program files (x86)/atmel/atmel toolchain/avr8 gcc/native/3.4.1056/avr8-gnu-toolchain/bin/../lib/gcc/avr/4.8.1/avr5\libgcc.a(_clear_bss.o)
 .text.libgcc.builtins
                0x00000000        0x0 c:/program files (x86)/atmel/atmel toolchain/avr8 gcc/native/3.4.1056/avr8-gnu-toolchain/bin/../lib/gcc/avr/4.8.1/avr5\libgcc.a(_clear_bss.o)
 .text.libgcc.fmul
                0x00000000        0x0 c:/program files (x86)/atmel/atmel toolchain/avr8 gcc/native/3.4.1056/avr8-gnu-toolchain/bin/../lib/gcc/avr/4.8.1/avr5\libgcc.a(_clear_bss.o)
 .text.libgcc.fixed
                0x00000000        0x0 c:/program files (x86)/atmel/atmel toolchain/avr8 gcc/native/3.4.1056/avr8-gnu-toolchain/bin/../lib/gcc/avr/4.8.1/avr5\libgcc.a(_clear_bss.o)
 .text          0x00000000        0x0 c:/program files (x86)/atmel/atmel toolchain/avr8 gcc/native/3.4.1056/avr8-gnu-toolchain/bin/../lib/gcc/avr/4.8.1/avr5\libgcc.a(_muluhisi3.o)
 .bss           0x00000000        0x0 c:/program files (x86)/atmel/atmel toolchain/avr8 gcc/native/3.4.1056/avr8-gnu-toolchain/bin/../lib/gcc/avr/4.8.1/avr5\libgcc.a(_muluhisi3.o)
 .text.libgcc.div
                0x00000000        0x0 c:/program files (x86)/atmel/atmel toolchain/avr8 gcc/native/3.4.1056/avr8-gnu-toolchain/bin/../lib/gcc/avr/4.8.1/avr5\libgcc.a(_muluhisi3.o)
 .text.libgcc   0x00000000        0x0 c:/program files (x86)/atmel/atmel toolchain/avr8 gcc/native/3.4.1056/avr8-gnu-toolchain/bin/../lib/gcc/avr/4.8.1/avr5\libgcc.a(_muluhisi3.o)
 .text.libgcc.prologue
                0x00000000        0x0 c:/program files (x86)/atmel/atmel toolchain/avr8 gcc/native/3.4.1056/avr8-gnu-toolchain/bin/../lib/gcc/avr/4.8.1/avr5\libgcc.a(_muluhisi3.o)
 .text.libgcc.builtins
                0x00000000        0x0 c:/program files (x86)/atmel/atmel toolchain/avr8 gcc/native/3.4.1056/avr8-gnu-toolchain/bin/../lib/gcc/avr/4.8.1/avr5\libgcc.a(_muluhisi3.o)
 .text.libgcc.fmul
                0x00000000        0x0 c:/program files (x86)/atmel/atmel toolchain/avr8 gcc/native/3.4.1056/avr8-gnu-toolchain/bin/../lib/gcc/avr/4.8.1/avr5\libgcc.a(_muluhisi3.o)
 .text.libgcc.fixed
                0x00000000        0x0 c:/program files (x86)/atmel/atmel toolchain/avr8 gcc/native/3.4.1056/avr8-gnu-toolchain/bin/../lib/gcc/avr/4.8.1/avr5\libgcc.a(_muluhisi3.o)
 .text          0x00000000        0x0 c:/program files (x86)/atmel/atmel toolchain/avr8 gcc/native/3.4.1056/avr8-gnu-toolchain/bin/../lib/gcc/avr/4.8.1/avr5\libgcc.a(_umulhisi3.o)
 .bss           0x00000000        0x0 c:/program files (x86)/atmel/atmel toolchain/avr8 gcc/native/3.4.1056/avr8-gnu-toolchain/bin/../lib/gcc/avr/4.8.1/avr5\libgcc.a(_umulhisi3.o)
 .text.libgcc.div
                0x00000000        0x0 c:/program files (x86)/atmel/atmel toolchain/avr8 gcc/native/3.4.1056/avr8-gnu-toolchain/bin/../lib/gcc/avr/4.8.1/avr5\libgcc.a(_umulhisi3.o)
 .text.libgcc   0x00000000        0x0 c:/program files (x86)/atmel/atmel toolchain/avr8 gcc/native/3.4.1056/avr8-gnu-toolchain/bin/../lib/gcc/avr/4.8.1/avr5\libgcc.a(_umulhisi3.o)
 .text.libgcc.prologue
                0x00000000        0x0 c:/program files (x86)/atmel/atmel toolchain/avr8 gcc/native/3.4.1056/avr8-gnu-toolchain/bin/../lib/gcc/avr/4.8.1/avr5\libgcc.a(_umulhisi3.o)
 .text.libgcc.builtins
                0x00000000        0x0 c:/program files (x86)/atmel/atmel toolchain/avr8 gcc/native/3.4.1056/avr8-gnu-toolchain/bin/../lib/gcc/avr/4.8.1/avr5\libgcc.a(_umulhisi3.o)
 .text.libgcc.fmul
                0x00000000        0x0 c:/program files (x86)/atmel/atmel toolchain/avr8 gcc/native/3.4.1056/avr8-gnu-toolchain/bin/../lib/gcc/avr/4.8.1/avr5\libgcc.a(_umulhisi3.o)
 .text.libgcc.fixed
                0x00000000        0x0 c:/program files (x86)/atmel/atmel toolchain/avr8 gcc/native/3.4.1056/avr8-gnu-toolchain/bin/../lib/gcc/avr/4.8.1/avr5\libgcc.a(_umulhisi3.o)
 .text          0x00000000        0x0 c:/program files (x86)/atmel/atmel toolchain/avr8 gcc/native/3.4.1056/avr8-gnu-toolchain/bin/../lib/gcc/avr/4.8.1/../../../../avr/lib/avr5\libc.a(itoa_ncheck.o)
 .bss           0x00000000        0x0 c:/program files (x86)/atmel/atmel toolchain/avr8 gcc/native/3.4.1056/avr8-gnu-toolchain/bin/../lib/gcc/avr/4.8.1/../../../../avr/lib/avr5\libc.a(itoa_ncheck.o)
 .text.avr-libc
                0x00000000       0x16 c:/program files (x86)/atmel/atmel toolchain/avr8 gcc/native/3.4.1056/avr8-gnu-toolchain/bin/../lib/gcc/avr/4.8.1/../../../../avr/lib/avr5\libc.a(itoa_ncheck.o)
 .text          0x00000000        0x0 c:/program files (x86)/atmel/atmel toolchain/avr8 gcc/native/3.4.1056/avr8-gnu-toolchain/bin/../lib/gcc/avr/4.8.1/../../../../avr/lib/avr5\libc.a(utoa_ncheck.o)
 .bss           0x00000000        0x0 c:/program files (x86)/atmel/atmel toolchain/avr8 gcc/native/3.4.1056/avr8-gnu-toolchain/bin/../lib/gcc/avr/4.8.1/../../../../avr/lib/avr5\libc.a(utoa_ncheck.o)
 .text.avr-libc
                0x00000000       0x34 c:/program files (x86)/atmel/atmel toolchain/avr8 gcc/native/3.4.1056/avr8-gnu-toolchain/bin/../lib/gcc/avr/4.8.1/../../../../avr/lib/avr5\libc.a(utoa_ncheck.o)
 .text          0x00000000        0x0 c:/program files (x86)/atmel/atmel toolchain/avr8 gcc/native/3.4.1056/avr8-gnu-toolchain/bin/../lib/gcc/avr/4.8.1/../../../../avr/lib/avr5\libc.a(strrev.o)
 .bss           0x00000000        0x0 c:/program files (x86)/atmel/atmel toolchain/avr8 gcc/native/3.4.1056/avr8-gnu-toolchain/bin/../lib/gcc/avr/4.8.1/../../../../avr/lib/avr5\libc.a(strrev.o)
 .text.avr-libc
                0x00000000       0x20 c:/program files (x86)/atmel/atmel toolchain/avr8 gcc/native/3.4.1056/avr8-gnu-toolchain/bin/../lib/gcc/avr/4.8.1/../../../../avr/lib/avr5\libc.a(strrev.o)

Memory Configuration

Name             Origin             Length             Attributes
text             0x00000000         0x00020000         xr
data             0x00800060         0x0000ffa0         rw !x
eeprom           0x00810000         0x00010000         rw !x
fuse             0x00820000         0x00000400         rw !x
lock             0x00830000         0x00000400         rw !x
signature        0x00840000         0x00000400         rw !x
user_signatures  0x00850000         0x00000400         rw !x
*default*        0x00000000         0xffffffff

Linker script and memory map

LOAD c:/program files (x86)/atmel/atmel toolchain/avr8 gcc/native/3.4.1056/avr8-gnu-toolchain/bin/../lib/gcc/avr/4.8.1/../../../../avr/lib/avr5/crtm32a.o
LOAD LCD/lcd44780.o
LOAD main.o
LOAD PetitFS/mmc.o
LOAD PetitFS/pff.o
START GROUP
LOAD c:/program files (x86)/atmel/atmel toolchain/avr8 gcc/native/3.4.1056/avr8-gnu-toolchain/bin/../lib/gcc/avr/4.8.1/../../../../avr/lib/avr5\libm.a
END GROUP
START GROUP
LOAD c:/program files (x86)/atmel/atmel toolchain/avr8 gcc/native/3.4.1056/avr8-gnu-toolchain/bin/../lib/gcc/avr/4.8.1/avr5\libgcc.a
LOAD c:/program files (x86)/atmel/atmel toolchain/avr8 gcc/native/3.4.1056/avr8-gnu-toolchain/bin/../lib/gcc/avr/4.8.1/../../../../avr/lib/avr5\libm.a
LOAD c:/program files (x86)/atmel/atmel toolchain/avr8 gcc/native/3.4.1056/avr8-gnu-toolchain/bin/../lib/gcc/avr/4.8.1/../../../../avr/lib/avr5\libc.a
END GROUP

.hash
 *(.hash)

.dynsym
 *(.dynsym)

.dynstr
 *(.dynstr)

.gnu.version
 *(.gnu.version)

.gnu.version_d
 *(.gnu.version_d)

.gnu.version_r
 *(.gnu.version_r)

.rel.init
 *(.rel.init)

.rela.init
 *(.rela.init)

.rel.text
 *(.rel.text)
 *(.rel.text.*)
 *(.rel.gnu.linkonce.t*)

.rela.text
 *(.rela.text)
 *(.rela.text.*)
 *(.rela.gnu.linkonce.t*)

.rel.fini
 *(.rel.fini)

.rela.fini
 *(.rela.fini)

.rel.rodata
 *(.rel.rodata)
 *(.rel.rodata.*)
 *(.rel.gnu.linkonce.r*)

.rela.rodata
 *(.rela.rodata)
 *(.rela.rodata.*)
 *(.rela.gnu.linkonce.r*)

.rel.data
 *(.rel.data)
 *(.rel.data.*)
 *(.rel.gnu.linkonce.d*)

.rela.data
 *(.rela.data)
 *(.rela.data.*)
 *(.rela.gnu.linkonce.d*)

.rel.ctors
 *(.rel.ctors)

.rela.ctors
 *(.rela.ctors)

.rel.dtors
 *(.rel.dtors)

.rela.dtors
 *(.rela.dtors)

.rel.got
 *(.rel.got)

.rela.got
 *(.rela.got)

.rel.bss
 *(.rel.bss)

.rela.bss
 *(.rela.bss)

.rel.plt
 *(.rel.plt)

.rela.plt
 *(.rela.plt)

.text           0x00000000     0x185e
 *(.vectors)
 .vectors       0x00000000       0x54 c:/program files (x86)/atmel/atmel toolchain/avr8 gcc/native/3.4.1056/avr8-gnu-toolchain/bin/../lib/gcc/avr/4.8.1/../../../../avr/lib/avr5/crtm32a.o
                0x00000000                __vector_default
                0x00000000                __vectors
 *(.vectors)
 *(.progmem.gcc*)
                0x00000054                . = ALIGN (0x2)
                0x00000054                __trampolines_start = .
 *(.trampolines)
 .trampolines   0x00000054        0x0 linker stubs
 *(.trampolines*)
                0x00000054                __trampolines_end = .
 *(.progmem*)
                0x00000054                . = ALIGN (0x2)
 *(.jumptables)
 *(.jumptables*)
 *(.lowtext)
 *(.lowtext*)
                0x00000054                __ctors_start = .
 *(.ctors)
                0x00000054                __ctors_end = .
                0x00000054                __dtors_start = .
 *(.dtors)
                0x00000054                __dtors_end = .
 SORT(*)(.ctors)
 SORT(*)(.dtors)
 *(.init0)
 .init0         0x00000054        0x0 c:/program files (x86)/atmel/atmel toolchain/avr8 gcc/native/3.4.1056/avr8-gnu-toolchain/bin/../lib/gcc/avr/4.8.1/../../../../avr/lib/avr5/crtm32a.o
                0x00000054                __init
 *(.init0)
 *(.init1)
 *(.init1)
 *(.init2)
 .init2         0x00000054        0xc c:/program files (x86)/atmel/atmel toolchain/avr8 gcc/native/3.4.1056/avr8-gnu-toolchain/bin/../lib/gcc/avr/4.8.1/../../../../avr/lib/avr5/crtm32a.o
 *(.init2)
 *(.init3)
 *(.init3)
 *(.init4)
 .init4         0x00000060       0x16 c:/program files (x86)/atmel/atmel toolchain/avr8 gcc/native/3.4.1056/avr8-gnu-toolchain/bin/../lib/gcc/avr/4.8.1/avr5\libgcc.a(_copy_data.o)
                0x00000060                __do_copy_data
 .init4         0x00000076       0x10 c:/program files (x86)/atmel/atmel toolchain/avr8 gcc/native/3.4.1056/avr8-gnu-toolchain/bin/../lib/gcc/avr/4.8.1/avr5\libgcc.a(_clear_bss.o)
                0x00000076                __do_clear_bss
 *(.init4)
 *(.init5)
 *(.init5)
 *(.init6)
 *(.init6)
 *(.init7)
 *(.init7)
 *(.init8)
 *(.init8)
 *(.init9)
 .init9         0x00000086        0x8 c:/program files (x86)/atmel/atmel toolchain/avr8 gcc/native/3.4.1056/avr8-gnu-toolchain/bin/../lib/gcc/avr/4.8.1/../../../../avr/lib/avr5/crtm32a.o
 *(.init9)
 *(.text)
 .text          0x0000008e        0x4 c:/program files (x86)/atmel/atmel toolchain/avr8 gcc/native/3.4.1056/avr8-gnu-toolchain/bin/../lib/gcc/avr/4.8.1/../../../../avr/lib/avr5/crtm32a.o
                0x0000008e                __vector_1
                0x0000008e                __vector_12
                0x0000008e                __bad_interrupt
                0x0000008e                __vector_6
                0x0000008e                __vector_3
                0x0000008e                __vector_11
                0x0000008e                __vector_13
                0x0000008e                __vector_17
                0x0000008e                __vector_19
                0x0000008e                __vector_7
                0x0000008e                __vector_5
                0x0000008e                __vector_4
                0x0000008e                __vector_9
                0x0000008e                __vector_2
                0x0000008e                __vector_15
                0x0000008e                __vector_8
                0x0000008e                __vector_14
                0x0000008e                __vector_18
                0x0000008e                __vector_20
                0x00000092                . = ALIGN (0x2)
 *(.text.*)
 .text.play     0x00000092       0xa6 main.o
 .text.main     0x00000138      0x178 main.o
                0x00000138                main
 .text.__vector_10
                0x000002b0       0x9a main.o
                0x000002b0                __vector_10
 .text.__vector_16
                0x0000034a      0x192 main.o
                0x0000034a                __vector_16
 .text.rcv_spi  0x000004dc        0xc PetitFS/mmc.o
 .text.release_spi
                0x000004e8        0x8 PetitFS/mmc.o
 .text.send_cmd
                0x000004f0       0x98 PetitFS/mmc.o
 .text.disk_readp
                0x00000588       0xca PetitFS/mmc.o
                0x00000588                disk_readp
 .text.disk_writep
                0x00000652      0x10c PetitFS/mmc.o
                0x00000652                disk_writep
 .text.disk_initialize
                0x0000075e      0x19e PetitFS/mmc.o
                0x0000075e                disk_initialize
 .text.clust2sect
                0x000008fc       0x56 PetitFS/pff.o
 .text.dir_rewind
                0x00000952       0xa4 PetitFS/pff.o
 .text.check_fs
                0x000009f6       0x92 PetitFS/pff.o
 .text.get_fat  0x00000a88      0x222 PetitFS/pff.o
 .text.dir_next
                0x00000caa       0xfc PetitFS/pff.o
 .text.follow_path
                0x00000da6      0x230 PetitFS/pff.o
 .text.pf_mount
                0x00000fd6      0x266 PetitFS/pff.o
                0x00000fd6                pf_mount
 .text.pf_open  0x0000123c       0xbe PetitFS/pff.o
                0x0000123c                pf_open
 .text.pf_read  0x000012fa      0x1dc PetitFS/pff.o
                0x000012fa                pf_read
 .text.pf_lseek
                0x000014d6      0x266 PetitFS/pff.o
                0x000014d6                pf_lseek
 .text.pf_opendir
                0x0000173c       0xa6 PetitFS/pff.o
                0x0000173c                pf_opendir
 .text.libgcc.div
                0x000017e2       0x44 c:/program files (x86)/atmel/atmel toolchain/avr8 gcc/native/3.4.1056/avr8-gnu-toolchain/bin/../lib/gcc/avr/4.8.1/avr5\libgcc.a(_udivmodsi4.o)
                0x000017e2                __udivmodsi4
 .text.libgcc.mul
                0x00001826       0x16 c:/program files (x86)/atmel/atmel toolchain/avr8 gcc/native/3.4.1056/avr8-gnu-toolchain/bin/../lib/gcc/avr/4.8.1/avr5\libgcc.a(_muluhisi3.o)
                0x00001826                __muluhisi3
 .text.libgcc.mul
                0x0000183c       0x1e c:/program files (x86)/atmel/atmel toolchain/avr8 gcc/native/3.4.1056/avr8-gnu-toolchain/bin/../lib/gcc/avr/4.8.1/avr5\libgcc.a(_umulhisi3.o)
                0x0000183c                __umulhisi3
                0x0000185a                . = ALIGN (0x2)
 *(.fini9)
 .fini9         0x0000185a        0x0 c:/program files (x86)/atmel/atmel toolchain/avr8 gcc/native/3.4.1056/avr8-gnu-toolchain/bin/../lib/gcc/avr/4.8.1/avr5\libgcc.a(_exit.o)
                0x0000185a                _exit
                0x0000185a                exit
 *(.fini9)
 *(.fini8)
 *(.fini8)
 *(.fini7)
 *(.fini7)
 *(.fini6)
 *(.fini6)
 *(.fini5)
 *(.fini5)
 *(.fini4)
 *(.fini4)
 *(.fini3)
 *(.fini3)
 *(.fini2)
 *(.fini2)
 *(.fini1)
 *(.fini1)
 *(.fini0)
 .fini0         0x0000185a        0x4 c:/program files (x86)/atmel/atmel toolchain/avr8 gcc/native/3.4.1056/avr8-gnu-toolchain/bin/../lib/gcc/avr/4.8.1/avr5\libgcc.a(_exit.o)
 *(.fini0)
                0x0000185e                _etext = .

.data           0x00800060       0x8c load address 0x0000185e
                0x00800060                PROVIDE (__data_start, .)
 *(.data)
 .data          0x00800060        0x0 c:/program files (x86)/atmel/atmel toolchain/avr8 gcc/native/3.4.1056/avr8-gnu-toolchain/bin/../lib/gcc/avr/4.8.1/../../../../avr/lib/avr5/crtm32a.o
 .data          0x00800060        0x0 LCD/lcd44780.o
 .data          0x00800060        0x0 main.o
 .data          0x00800060        0x0 PetitFS/mmc.o
 .data          0x00800060        0x0 PetitFS/pff.o
 .data          0x00800060        0x0 c:/program files (x86)/atmel/atmel toolchain/avr8 gcc/native/3.4.1056/avr8-gnu-toolchain/bin/../lib/gcc/avr/4.8.1/avr5\libgcc.a(_udivmodsi4.o)
 .data          0x00800060        0x0 c:/program files (x86)/atmel/atmel toolchain/avr8 gcc/native/3.4.1056/avr8-gnu-toolchain/bin/../lib/gcc/avr/4.8.1/avr5\libgcc.a(_exit.o)
 .data          0x00800060        0x0 c:/program files (x86)/atmel/atmel toolchain/avr8 gcc/native/3.4.1056/avr8-gnu-toolchain/bin/../lib/gcc/avr/4.8.1/avr5\libgcc.a(_copy_data.o)
 .data          0x00800060        0x0 c:/program files (x86)/atmel/atmel toolchain/avr8 gcc/native/3.4.1056/avr8-gnu-toolchain/bin/../lib/gcc/avr/4.8.1/avr5\libgcc.a(_clear_bss.o)
 .data          0x00800060        0x0 c:/program files (x86)/atmel/atmel toolchain/avr8 gcc/native/3.4.1056/avr8-gnu-toolchain/bin/../lib/gcc/avr/4.8.1/avr5\libgcc.a(_muluhisi3.o)
 .data          0x00800060        0x0 c:/program files (x86)/atmel/atmel toolchain/avr8 gcc/native/3.4.1056/avr8-gnu-toolchain/bin/../lib/gcc/avr/4.8.1/avr5\libgcc.a(_umulhisi3.o)
 .data          0x00800060        0x0 c:/program files (x86)/atmel/atmel toolchain/avr8 gcc/native/3.4.1056/avr8-gnu-toolchain/bin/../lib/gcc/avr/4.8.1/../../../../avr/lib/avr5\libc.a(itoa_ncheck.o)
 .data          0x00800060        0x0 c:/program files (x86)/atmel/atmel toolchain/avr8 gcc/native/3.4.1056/avr8-gnu-toolchain/bin/../lib/gcc/avr/4.8.1/../../../../avr/lib/avr5\libc.a(utoa_ncheck.o)
 .data          0x00800060        0x0 c:/program files (x86)/atmel/atmel toolchain/avr8 gcc/native/3.4.1056/avr8-gnu-toolchain/bin/../lib/gcc/avr/4.8.1/../../../../avr/lib/avr5\libc.a(strrev.o)
 *(.data*)
 .data.startup  0x00800060        0x1 main.o
                0x00800060                startup
 .data.swingnumber
                0x00800061        0x1 main.o
                0x00800061                swingnumber
 .data.swing    0x00800062       0x14 main.o
                0x00800062                swing
 .data.hitnumber
                0x00800076        0x1 main.o
                0x00800076                hitnumber
 .data.hit      0x00800077       0x14 main.o
                0x00800077                hit
 .data.zaxis    0x0080008b        0x2 main.o
                0x0080008b                zaxis
 .data.yaxis    0x0080008d        0x2 main.o
                0x0080008d                yaxis
 .data.xaxis    0x0080008f        0x2 main.o
                0x0080008f                xaxis
 *(.rodata)
 *(.rodata*)
 .rodata.str1.1
                0x00800091       0x5b main.o
                                 0x5c (size before relaxing)
 *(.gnu.linkonce.d*)
                0x008000ec                . = ALIGN (0x2)
                0x008000ec                _edata = .
                0x008000ec                PROVIDE (__data_end, .)

.bss            0x008000ec      0x469
                0x008000ec                PROVIDE (__bss_start, .)
 *(.bss)
 *(.bss*)
 .bss.v2.2164   0x008000ec        0x1 main.o
 .bss.v1.2163   0x008000ed        0x1 main.o
 .bss.buf_idx.2162
                0x008000ee        0x2 main.o
 .bss.playstop  0x008000f0        0x1 main.o
                0x008000f0                playstop
 .bss.swingcounter
                0x008000f1        0x1 main.o
                0x008000f1                swingcounter
 .bss.hitcounter
                0x008000f2        0x1 main.o
                0x008000f2                hitcounter
 .bss.breakdisablelow
                0x008000f3        0x1 main.o
                0x008000f3                breakdisablelow
 .bss.breakdisablehigh
                0x008000f4        0x1 main.o
                0x008000f4                breakdisablehigh
 .bss.hitpriority
                0x008000f5        0x1 main.o
                0x008000f5                hitpriority
 .bss.wc.1573   0x008000f6        0x2 PetitFS/mmc.o
 .bss.CardType  0x008000f8        0x1 PetitFS/mmc.o
 .bss.FatFs     0x008000f9        0x2 PetitFS/pff.o
 *(COMMON)
 COMMON         0x008000fb      0x45a main.o
                0x008000fb                Fno
                0x00800111                nr_buf
                0x00800112                rb
                0x00800114                Dir
                0x00800124                can_read
                0x00800125                buf
                0x00800525                FLAGS
                0x00800529                Fs
                0x00800555                PROVIDE (__bss_end, .)
                0x0000185e                __data_load_start = LOADADDR (.data)
                0x000018ea                __data_load_end = (__data_load_start + SIZEOF (.data))

.noinit         0x00800555        0x0
                0x00800555                PROVIDE (__noinit_start, .)
 *(.noinit*)
                0x00800555                PROVIDE (__noinit_end, .)
                0x00800555                _end = .
                0x00800555                PROVIDE (__heap_start, .)

.eeprom         0x00810000        0x0
 *(.eeprom*)
                0x00810000                __eeprom_end = .

.fuse
 *(.fuse)
 *(.lfuse)
 *(.hfuse)
 *(.efuse)

.lock
 *(.lock*)

.signature
 *(.signature*)

.user_signatures
 *(.user_signatures*)

.stab
 *(.stab)

.stabstr
 *(.stabstr)

.stab.excl
 *(.stab.excl)

.stab.exclstr
 *(.stab.exclstr)

.stab.index
 *(.stab.index)

.stab.indexstr
 *(.stab.indexstr)

.comment        0x00000000       0x30
 *(.comment)
 .comment       0x00000000       0x30 LCD/lcd44780.o
                                 0x31 (size before relaxing)
 .comment       0x00000000       0x31 main.o
 .comment       0x00000000       0x31 PetitFS/mmc.o
 .comment       0x00000000       0x31 PetitFS/pff.o

.note.gnu.build-id
 *(.note.gnu.build-id)

.debug
 *(.debug)

.line
 *(.line)

.debug_srcinfo
 *(.debug_srcinfo)

.debug_sfnames
 *(.debug_sfnames)

.debug_aranges  0x00000000      0x198
 *(.debug_aranges)
 .debug_aranges
                0x00000000       0x88 LCD/lcd44780.o
 .debug_aranges
                0x00000088       0x40 main.o
 .debug_aranges
                0x000000c8       0x50 PetitFS/mmc.o
 .debug_aranges
                0x00000118       0x80 PetitFS/pff.o

.debug_pubnames
 *(.debug_pubnames)

.debug_info     0x00000000     0x28c5
 *(.debug_info .gnu.linkonce.wi.*)
 .debug_info    0x00000000      0x8b4 LCD/lcd44780.o
 .debug_info    0x000008b4      0x883 main.o
 .debug_info    0x00001137      0x5ab PetitFS/mmc.o
 .debug_info    0x000016e2     0x11e3 PetitFS/pff.o

.debug_abbrev   0x00000000      0x988
 *(.debug_abbrev)
 .debug_abbrev  0x00000000      0x2df LCD/lcd44780.o
 .debug_abbrev  0x000002df      0x222 main.o
 .debug_abbrev  0x00000501      0x17a PetitFS/mmc.o
 .debug_abbrev  0x0000067b      0x30d PetitFS/pff.o

.debug_line     0x00000000      0xb5b
 *(.debug_line .debug_line.* .debug_line_end)
 .debug_line    0x00000000      0x32c LCD/lcd44780.o
 .debug_line    0x0000032c      0x1ca main.o
 .debug_line    0x000004f6      0x26e PetitFS/mmc.o
 .debug_line    0x00000764      0x3f7 PetitFS/pff.o

.debug_frame    0x00000000      0x6d0
 *(.debug_frame)
 .debug_frame   0x00000000      0x140 LCD/lcd44780.o
 .debug_frame   0x00000140       0xb4 main.o
 .debug_frame   0x000001f4      0x104 PetitFS/mmc.o
 .debug_frame   0x000002f8      0x3d8 PetitFS/pff.o

.debug_str      0x00000000      0x6b3
 *(.debug_str)
 .debug_str     0x00000000      0x2a4 LCD/lcd44780.o
                                0x2f9 (size before relaxing)
 .debug_str     0x000002a4      0x28a main.o
                                0x40c (size before relaxing)
 .debug_str     0x0000052e       0x99 PetitFS/mmc.o
                                0x230 (size before relaxing)
 .debug_str     0x000005c7       0xec PetitFS/pff.o
                                0x40e (size before relaxing)

.debug_loc      0x00000000     0x2e67
 *(.debug_loc)
 .debug_loc     0x00000000      0x59f LCD/lcd44780.o
 .debug_loc     0x0000059f      0x1df main.o
 .debug_loc     0x0000077e      0x8b8 PetitFS/mmc.o
 .debug_loc     0x00001036     0x1e31 PetitFS/pff.o

.debug_macinfo
 *(.debug_macinfo)

.debug_weaknames
 *(.debug_weaknames)

.debug_funcnames
 *(.debug_funcnames)

.debug_typenames
 *(.debug_typenames)

.debug_varnames
 *(.debug_varnames)

.debug_pubtypes
 *(.debug_pubtypes)

.debug_ranges   0x00000000      0x200
 *(.debug_ranges)
 .debug_ranges  0x00000000       0x90 LCD/lcd44780.o
 .debug_ranges  0x00000090       0x30 main.o
 .debug_ranges  0x000000c0       0x40 PetitFS/mmc.o
 .debug_ranges  0x00000100      0x100 PetitFS/pff.o

.debug_macro
 *(.debug_macro)
OUTPUT(wavplayer.elf elf32-avr)
LOAD linker stubs
